s 73
s 54
s 40
i 33
s 24
i 57
i 8
i 26
s 14
i 59
i 61
i 75
i 95
i 15
i 51
s 38
s 1
s 70
s 74
s 42
i 1
i 88
i 57
i 97
i 5
i 94
s 50
i 30
s 8
i 62
i 35
s 49
i 33
i 34
s 71
i 71
i 6
s 94
s 95
i 54
s 34
s 92
i 12
i 41
i 45
s 19
s 93
s 45
i 90
s 10
i 39
s 30
i 76
i 93
i 36
i 24
s 26
s 4
i 90
i 95
i 43
i 36
i 77
s 77
s 85
i 71
s 21
s 42
s 19
s 34
i 10
i 94
i 43
i 15
i 15
s 89
s 7
s 56
s 100
i 48
i 18
i 64
i 67
i 78
i 90
i 55
s 43
i 64
s 61
s 27
s 56
s 23
s 55
s 52
i 49
s 54
i 42
i 60
i 26
i 24
